#-----------------------------------------------------------
# Vivado v2023.2 (64-bit)
# SW Build 4029153 on Fri Oct 13 20:13:54 MDT 2023
# IP Build 4028589 on Sat Oct 14 00:45:43 MDT 2023
# SharedData Build 4025554 on Tue Oct 10 17:18:54 MDT 2023
# Start of session at: Mon Apr 29 15:35:32 2024
# Process ID: 9123
# Current directory: /home/peter/Dokumente/RWU/4. Semester/Schaltungsentwurf/Vivado/pmUART/pmUART.runs/impl_1
# Command line: vivado -log UARTRXTX_e.vdi -applog -product Vivado -messageDb vivado.pb -mode batch -source UARTRXTX_e.tcl -notrace
# Log file: /home/peter/Dokumente/RWU/4. Semester/Schaltungsentwurf/Vivado/pmUART/pmUART.runs/impl_1/UARTRXTX_e.vdi
# Journal file: /home/peter/Dokumente/RWU/4. Semester/Schaltungsentwurf/Vivado/pmUART/pmUART.runs/impl_1/vivado.jou
# Running On: localhost.localdomain, OS: Linux, CPU Frequency: 4357.734 MHz, CPU Physical cores: 10, Host memory: 8010 MB
#-----------------------------------------------------------
source UARTRXTX_e.tcl -notrace
